// Jest Snapshot v1, https://goo.gl/fbAQLP

exports[`should match snapshot 1`] = `
"<Fragment>
  <div id=\\"innerPageContainer\\">
    <_default setOpen={[Function: bound _dispatchAction]} title=\\"title\\" />
    <_default />
  </div>
</Fragment>"
`;
