// Jest Snapshot v1, https://goo.gl/fbAQLP

exports[`simulating a query type change should match snapshot before change 1`] = `ReactWrapper {}`;
